src/features/pos/components/InventoryTable.tsx(1,8): error TS6133: 'React' is declared but its value is never read.
src/features/pos/components/InventoryTable.tsx(19,35): error TS18047: 'supabase' is possibly 'null'.
src/features/pos/components/InventoryTable.tsx(40,31): error TS18047: 'supabase' is possibly 'null'.
src/features/pos/components/ProductTable.tsx(20,35): error TS18047: 'supabase' is possibly 'null'.
src/features/pos/components/ProductTable.tsx(43,33): error TS18047: 'supabase' is possibly 'null'.
src/features/pos/components/ProductTable.tsx(52,48): error TS18047: 'supabase' is possibly 'null'.
src/features/pos/components/ProductTable.tsx(62,17): error TS18047: 'supabase' is possibly 'null'.
src/features/pos/components/ProductTable.tsx(84,31): error TS18047: 'supabase' is possibly 'null'.
src/features/pos/components/SalesReport.tsx(1,8): error TS6133: 'React' is declared but its value is never read.
src/features/pos/components/SalesReport.tsx(24,17): error TS18047: 'supabase' is possibly 'null'.
src/features/pos/hooks/usePOS.ts(23,55): error TS18047: 'supabase' is possibly 'null'.
src/features/pos/hooks/usePOS.ts(33,50): error TS18047: 'supabase' is possibly 'null'.
src/features/pos/hooks/usePOS.ts(83,52): error TS18047: 'supabase' is possibly 'null'.
src/features/pos/hooks/usePOS.ts(104,41): error TS18047: 'supabase' is possibly 'null'.
src/features/pos/hooks/usePOS.ts(110,44): error TS18047: 'supabase' is possibly 'null'.
src/features/pos/hooks/usePOS.ts(117,17): error TS18047: 'supabase' is possibly 'null'.
src/features/pos/hooks/usePOS.ts(125,39): error TS18047: 'supabase' is possibly 'null'.
src/features/pos/pages/POSAdminDashboard.tsx(1,8): error TS6133: 'React' is declared but its value is never read.
src/features/pos/pages/POSAdminDashboard.tsx(25,39): error TS18047: 'supabase' is possibly 'null'.
src/features/pos/pages/POSAdminDashboard.tsx(34,43): error TS18047: 'supabase' is possibly 'null'.
src/features/pos/pages/POSAdminDashboard.tsx(42,37): error TS18047: 'supabase' is possibly 'null'.
