src/features/checkout/pages/OrderConfirmation.tsx(2,23): error TS6133: 'Package' is declared but its value is never read.
